// Vitest Snapshot v1, https://vitest.dev/guide/snapshot.html

exports[`ContractorDashboardView > matches snapshot 1`] = `
"<main class="p-6 lg:p-10">
  <!-- TITLE -->
  <h1 class="text-4xl font-bold mb-2">Auftragnehmer Dashboard</h1>
  <p class="text-gray-500 dark:text-gray-400 mb-8"> Übersicht über laufende Arbeiten, Dringlichkeiten &amp; finanzielle Kennzahlen </p><!-- KPI SECTION (dynamisch) -->
  <section class="grid grid-cols-1 md:grid-cols-4 gap-6 mb-10">
    <div class="kpi-card">
      <div class="kpi-icon kpi-blue"><i class="pi pi-folder-open"></i></div>
      <div>
        <p class="kpi-title">Offene Aufträge</p>
        <p class="kpi-value">4</p>
        <p class="kpi-sub">+1 seit gestern</p>
      </div>
    </div>
    <div class="kpi-card">
      <div class="kpi-icon kpi-amber"><i class="pi pi-spin pi-spinner"></i></div>
      <div>
        <p class="kpi-title">In Bearbeitung</p>
        <p class="kpi-value">7</p>
        <p class="kpi-sub">+2 seit letzter Woche</p>
      </div>
    </div>
    <div class="kpi-card">
      <div class="kpi-icon kpi-green"><i class="pi pi-check-circle"></i></div>
      <div>
        <p class="kpi-title">Abgeschlossen (Monat)</p>
        <p class="kpi-value">15</p>
        <p class="kpi-sub">+5 abgeschlossen</p>
      </div>
    </div>
    <div class="kpi-card">
      <div class="kpi-icon kpi-red"><i class="pi pi-clock"></i></div>
      <div>
        <p class="kpi-title">Fälligkeit überschritten</p>
        <p class="kpi-value">3</p>
        <p class="kpi-sub">Heute +1</p>
      </div>
    </div>
  </section><!-- BAR + DOUGHNUT -->
  <section class="grid grid-cols-1 lg:grid-cols-2 gap-8 mb-12">
    <div class="card p-6">
      <h2 class="card-title">Auftragsstatus nach Monaten</h2>
      <div data-test="chart-stub" type="bar" data="[object Object]" options="[object Object]" style="height: 330px;"></div>
    </div>
    <div class="card p-6">
      <h2 class="card-title">Dringlichkeit der Aufträge</h2>
      <div data-test="chart-stub" type="doughnut" data="[object Object]" options="[object Object]" style="height: 330px;"></div>
    </div>
  </section><!-- FINANCE SECTION -->
  <section class="finance-card mb-16">
    <h2 class="finance-title">Finanzentwicklung – Einnahmen &amp; Ausgaben</h2>
    <div class="finance-legend">
      <div class="finance-legend-item"><span class="finance-dot finance-dot-income"></span> Einnahmen (€) </div>
      <div class="finance-legend-item"><span class="finance-dot finance-dot-expense"></span> Ausgaben (€) </div>
    </div>
    <div data-test="chart-stub" type="line" data="[object Object]" options="[object Object]" style="height: 340px;"></div>
  </section><!-- LISTEN -->
  <section class="grid grid-cols-1 lg:grid-cols-2 gap-8 mb-12">
    <!-- TASK LIST -->
    <div class="card p-6">
      <h2 class="card-title mb-4">Heute fällige Aufgaben</h2>
      <ul class="space-y-3">
        <li class="flex justify-between border-b pb-2"><span>Dokumentation aktualisieren — <span class="text-gray-400">Projekt A</span></span><span class="text-red-500">Offen</span></li>
        <li class="flex justify-between border-b pb-2"><span>Baustellenbegehung — <span class="text-gray-400">Projekt B</span></span><span class="text-yellow-500">In Bearbeitung</span></li>
        <li class="flex justify-between border-b pb-2"><span>Rechnung prüfen — <span class="text-gray-400">Projekt C</span></span><span class="text-green-500">Erledigt</span></li>
      </ul>
    </div><!-- CUSTOMER REQUESTS -->
    <div class="card p-6">
      <h2 class="card-title mb-4">Offene Kundenanfragen</h2>
      <ul class="space-y-3">
        <li class="flex justify-between border-b pb-2"><span>Klärung Materialbedarf</span><span class="text-red-500">Offen</span></li>
        <li class="flex justify-between border-b pb-2"><span>Terminabsprache</span><span class="text-yellow-500">In Bearbeitung</span></li>
      </ul>
    </div>
  </section><!-- FINANZÜBERSICHT -->
  <section class="card p-6 mb-16">
    <h2 class="card-title mb-6">Finanzübersicht</h2><!-- Offene Rechnungen -->
    <h3 class="text-xl font-semibold mb-3">Offene Rechnungen</h3>
    <table class="invoice-table">
      <thead>
        <tr>
          <th>Rechnung</th>
          <th>Kunde</th>
          <th>Fällig am</th>
          <th>Betrag</th>
          <th>Status</th>
        </tr>
      </thead>
      <tbody>
        <tr>
          <td>RE-2025-001</td>
          <td>Müller Bau GmbH</td>
          <td>2025-12-10</td>
          <td>750 €</td>
          <td><span class="status-pill status-open">Offen</span></td>
        </tr>
        <tr>
          <td>RE-2025-003</td>
          <td>Schneider Immobilien</td>
          <td>2025-12-15</td>
          <td>1250 €</td>
          <td><span class="status-pill status-open">Offen</span></td>
        </tr>
      </tbody>
    </table><!-- Überfällige Rechnungen -->
    <h3 class="text-xl font-semibold mt-10 mb-3">Überfällige Rechnungen</h3>
    <table class="invoice-table">
      <thead>
        <tr>
          <th>Rechnung</th>
          <th>Kunde</th>
          <th>Überfällig seit</th>
          <th>Betrag</th>
          <th>Status</th>
        </tr>
      </thead>
      <tbody>
        <tr>
          <td>RE-2025-002</td>
          <td>Hoch &amp; Tief AG</td>
          <td>2025-11-28</td>
          <td>900 €</td>
          <td><span class="status-pill status-overdue">Überfällig</span></td>
        </tr>
        <tr>
          <td>RE-2025-004</td>
          <td>BauConcept KG</td>
          <td>2025-11-25</td>
          <td>450 €</td>
          <td><span class="status-pill status-overdue">Überfällig</span></td>
        </tr>
      </tbody>
    </table>
  </section>
</main>"
`;
